##########################################
# (1) LINK INFORMATION                   #
##########################################
c:\program files\renesas\hew\tools\renesas\nc30wa\v545r01\bin\ln30.exe @C:\WorkSpace\Homework2\Homework2\Debug\Homework2.m16cl

# ID CODE DATA
.ID  "#FFFFFFFFFFFFFF"

# ROM CODE PROTECT DATA
.PROTECT  FFH

# LINK FILE INFORMATION
ncrt0 (C:\WorkSpace\Homework2\Homework2\Debug\ncrt0.r30)
	Sep  6 10:03:21 2012

adc (C:\WorkSpace\Homework2\Homework2\Debug\adc.r30)
	Sep  6 10:03:20 2012

clocks (C:\WorkSpace\Homework2\Homework2\Debug\clocks.r30)
	Sep  6 10:03:21 2012

Interrupts (C:\WorkSpace\Homework2\Homework2\Debug\Interrupts.r30)
	Sep  6 10:03:19 2012

LCD (C:\WorkSpace\Homework2\Homework2\Debug\LCD.r30)
	Sep  6 10:03:20 2012

led (C:\WorkSpace\Homework2\Homework2\Debug\led.r30)
	Sep  6 10:03:20 2012

main (C:\WorkSpace\Homework2\Homework2\Debug\main.r30)
	Sep  6 10:03:20 2012

serial (C:\WorkSpace\Homework2\Homework2\Debug\serial.r30)
	Sep  6 10:03:20 2012

timers (C:\WorkSpace\Homework2\Homework2\Debug\timers.r30)
	Sep  6 10:03:20 2012

_f8add (c:\program files\renesas\hew\tools\renesas\nc30wa\v545r01\lib30\nc30lib.lib)
	Jan  6 15:04:35 2010

_f8ge (c:\program files\renesas\hew\tools\renesas\nc30wa\v545r01\lib30\nc30lib.lib)
	Jan  6 15:04:36 2010

_f8mul (c:\program files\renesas\hew\tools\renesas\nc30wa\v545r01\lib30\nc30lib.lib)
	Jan  6 15:04:36 2010

_f8sub (c:\program files\renesas\hew\tools\renesas\nc30wa\v545r01\lib30\nc30lib.lib)
	Jan  6 15:04:37 2010

_f8toi4u (c:\program files\renesas\hew\tools\renesas\nc30wa\v545r01\lib30\nc30lib.lib)
	Jan  6 15:04:37 2010

_ftol (c:\program files\renesas\hew\tools\renesas\nc30wa\v545r01\lib30\nc30lib.lib)
	Jan  6 15:04:38 2010

_i4divu (c:\program files\renesas\hew\tools\renesas\nc30wa\v545r01\lib30\nc30lib.lib)
	Jan  6 15:04:38 2010

_i4modu (c:\program files\renesas\hew\tools\renesas\nc30wa\v545r01\lib30\nc30lib.lib)
	Jan  6 15:04:39 2010

_i4mulu (c:\program files\renesas\hew\tools\renesas\nc30wa\v545r01\lib30\nc30lib.lib)
	Jan  6 15:04:39 2010

_i4utof8 (c:\program files\renesas\hew\tools\renesas\nc30wa\v545r01\lib30\nc30lib.lib)
	Jan  6 15:04:39 2010

_ltof (c:\program files\renesas\hew\tools\renesas\nc30wa\v545r01\lib30\nc30lib.lib)
	Jan  6 15:04:41 2010

mdata (c:\program files\renesas\hew\tools\renesas\nc30wa\v545r01\lib30\nc30lib.lib)
	Jan  6 15:04:55 2010

_f8ltor (c:\program files\renesas\hew\tools\renesas\nc30wa\v545r01\lib30\nc30lib.lib)
	Jan  6 15:04:36 2010

_f8rtol (c:\program files\renesas\hew\tools\renesas\nc30wa\v545r01\lib30\nc30lib.lib)
	Jan  6 15:04:37 2010


##########################################
# (2) SECTION INFORMATION                #
##########################################
# SECTION                        ATR TYPE    START  LENGTH ALIGN MODULENAME
data_SE                          ABS DATA    000480 000000       ncrt0
bss_SE                           REL DATA    000480 000000 2     ncrt0
data_SO                          REL DATA    000480 000000       ncrt0
bss_SO                           REL DATA    000480 000000       ncrt0
data_NE                          REL DATA    000480 000000 2     ncrt0
                                 REL DATA    000480 000010 2     mdata
bss_NE                           REL DATA    000490 000000 2     ncrt0
                                 REL DATA    000490 000008 2     main
                                 REL DATA    000498 000008 2     mdata
data_NO                          REL DATA    0004A0 000000       ncrt0
                                 REL DATA    0004A0 000001       LCD
bss_NO                           REL DATA    0004A1 000000       ncrt0
                                 REL DATA    0004A1 000001       main
stack                            REL DATA    0004A2 000600 2     ncrt0
heap                             REL DATA    000AA2 000300       ncrt0
rom_NE                           ABS ROMDATA 00F000 000000       ncrt0
rom_NO                           REL ROMDATA 00F000 000000       ncrt0
rom_FE                           ABS ROMDATA 0F4000 000000       ncrt0
rom_FO                           REL ROMDATA 0F4000 000000       ncrt0
                                 REL ROMDATA 0F4000 000012       LCD
                                 REL ROMDATA 0F4012 000081       main
data_SEI                         REL ROMDATA 0F4094 000000 2     ncrt0
data_SOI                         REL ROMDATA 0F4094 000000       ncrt0
data_NEI                         REL ROMDATA 0F4094 000000 2     ncrt0
                                 REL ROMDATA 0F4094 000010       mdata
data_NOI                         REL ROMDATA 0F40A4 000000       ncrt0
                                 REL ROMDATA 0F40A4 000001       LCD
program                          REL CODE    0F40A6 000000 2     ncrt0
                                 REL CODE    0F40A6 00000D 2     adc
                                 REL CODE    0F40B4 000044 2     clocks
                                 REL CODE    0F40F8 0000A3 2     Interrupts
                                 REL CODE    0F419C 000800 2     LCD
                                 REL CODE    0F499C 00004D 2     led
                                 REL CODE    0F49EA 00010F 2     main
                                 REL CODE    0F4AFA 000029 2     serial
                                 REL CODE    0F4B24 000029 2     timers
                                 REL CODE    0F4B4E 00091B 2     _f8add
                                 REL CODE    0F546A 0000A7 2     _f8ge
                                 REL CODE    0F5512 0002C7 2     _f8mul
                                 REL CODE    0F57DA 000028 2     _f8sub
                                 REL CODE    0F5802 000025 2     _f8toi4u
                                 REL CODE    0F5828 000111 2     _ftol
                                 REL CODE    0F593A 00004D 2     _i4divu
                                 REL CODE    0F5988 00004B 2     _i4modu
                                 REL CODE    0F59D4 00001C 2     _i4mulu
                                 REL CODE    0F59F0 000022 2     _i4utof8
                                 REL CODE    0F5A12 0000D4 2     _ltof
                                 REL CODE    0F5AE6 000054 2     _f8ltor
                                 REL CODE    0F5B3A 000041 2     _f8rtol
interrupt                        REL CODE    0F5B7C 000000 2     ncrt0
                                 REL CODE    0F5B7C 0000A7       ncrt0
program_S                        REL CODE    0F5C24 000000 2     ncrt0
vector                           ABS ROMDATA 0FFD00 000100       ncrt0
fvector                          ABS ROMDATA 0FFFDC 000024       ncrt0
# Total -------------------------------------------------------------------
                                     DATA           000922(0002338) Byte(s)
                                     ROMDATA        0001C8(0000456) Byte(s)
                                     CODE           001B7C(0007036) Byte(s)

##########################################
# (3) GLOBAL LABEL INFORMATION           #
##########################################
$BNSPutch          0f480a  $DisplayString     0f4862  $LCD_write         0f48c0
$_f8ltor           0f5ae6  $_f8rtol           0f5b3a  $_ftol             0f5828
$_ltof             0f5a12  $exit              0f5c20  _A2DInterrupt      0f40f8
_A2DProcessed      0004a1  _A2DValue          000492  _A2DValuePot       000494
_A2DValueTherm     000496  _ADInit            0f40a6  _BNSPrintf         0f425a
_DMA0Interrupt     0f4104  _DisplayDelay      0f496e  _InitDisplay       0f419c
_InitUART          0f4afa  _KeyBoardInterru   0f417e  _LEDDisplay        0f499c
_RTCInterrupt      0f418a  _TimerA1Interrup   0f4126  _TimerA2Interrup   0f4178
_TimerB0Interrup   0f4190  _TimerInit         0f4b24  _UART0ReceiveInt   0f410a
_UART0TransmitIn   0f40fe  _WakeUpInterrupt   0f4184  _WatchDogInterru   0f4196
__f8add            0f4b4e  __f8ge             0f546a  __f8mul            0f5512
__f8sub            0f57da  __f8toi4U          0f5802  __i4Utof8          0f59f0
__i4divU           0f593a  __i4modU           0f5988  __i4mulU           0f59d4
__memt             000488  __mnext            000498  __msize            00049c
__pool             000480  _disp_count        000490  _exit              0f5c20
_main              0f49ea  _system_clock_in   0f40b4  dummy_int          0f5c22
start              0f5b7c  

##########################################
# (4) GLOBAL EQU SYMBOL INFORMATION      #
##########################################
__SB__           00000480  

##########################################
# (5) GLOBAL EQU BIT-SYMBOL INFORMATION  #
##########################################

##########################################
# (6) LOCAL LABEL INFORMATION            #
##########################################
@ ncrt0 ( C:\WorkSpace\Homework2\Homework2\Debug\ncrt0.r30 )
@ adc ( C:\WorkSpace\Homework2\Homework2\Debug\adc.r30 )
@ clocks ( C:\WorkSpace\Homework2\Homework2\Debug\clocks.r30 )
@ Interrupts ( C:\WorkSpace\Homework2\Homework2\Debug\Interrupts.r30 )
@ LCD ( C:\WorkSpace\Homework2\Homework2\Debug\LCD.r30 )
@ led ( C:\WorkSpace\Homework2\Homework2\Debug\led.r30 )
@ main ( C:\WorkSpace\Homework2\Homework2\Debug\main.r30 )
@ serial ( C:\WorkSpace\Homework2\Homework2\Debug\serial.r30 )
@ timers ( C:\WorkSpace\Homework2\Homework2\Debug\timers.r30 )
@ _f8add ( c:\program files\renesas\hew\tools\renesas\nc30wa\v545r01\lib30\nc30lib.lib )
@ _f8ge ( c:\program files\renesas\hew\tools\renesas\nc30wa\v545r01\lib30\nc30lib.lib )
@ _f8mul ( c:\program files\renesas\hew\tools\renesas\nc30wa\v545r01\lib30\nc30lib.lib )
@ _f8sub ( c:\program files\renesas\hew\tools\renesas\nc30wa\v545r01\lib30\nc30lib.lib )
@ _f8toi4u ( c:\program files\renesas\hew\tools\renesas\nc30wa\v545r01\lib30\nc30lib.lib )
@ _ftol ( c:\program files\renesas\hew\tools\renesas\nc30wa\v545r01\lib30\nc30lib.lib )
@ _i4divu ( c:\program files\renesas\hew\tools\renesas\nc30wa\v545r01\lib30\nc30lib.lib )
@ _i4modu ( c:\program files\renesas\hew\tools\renesas\nc30wa\v545r01\lib30\nc30lib.lib )
@ _i4mulu ( c:\program files\renesas\hew\tools\renesas\nc30wa\v545r01\lib30\nc30lib.lib )
@ _i4utof8 ( c:\program files\renesas\hew\tools\renesas\nc30wa\v545r01\lib30\nc30lib.lib )
@ _ltof ( c:\program files\renesas\hew\tools\renesas\nc30wa\v545r01\lib30\nc30lib.lib )
@ mdata ( c:\program files\renesas\hew\tools\renesas\nc30wa\v545r01\lib30\nc30lib.lib )
@ _f8ltor ( c:\program files\renesas\hew\tools\renesas\nc30wa\v545r01\lib30\nc30lib.lib )
@ _f8rtol ( c:\program files\renesas\hew\tools\renesas\nc30wa\v545r01\lib30\nc30lib.lib )

##########################################
# (7) LOCAL EQU SYMBOL INFORMATION       #
##########################################
@ ncrt0 ( C:\WorkSpace\Homework2\Homework2\Debug\ncrt0.r30 )
@ adc ( C:\WorkSpace\Homework2\Homework2\Debug\adc.r30 )
@ clocks ( C:\WorkSpace\Homework2\Homework2\Debug\clocks.r30 )
@ Interrupts ( C:\WorkSpace\Homework2\Homework2\Debug\Interrupts.r30 )
@ LCD ( C:\WorkSpace\Homework2\Homework2\Debug\LCD.r30 )
@ led ( C:\WorkSpace\Homework2\Homework2\Debug\led.r30 )
@ main ( C:\WorkSpace\Homework2\Homework2\Debug\main.r30 )
@ serial ( C:\WorkSpace\Homework2\Homework2\Debug\serial.r30 )
@ timers ( C:\WorkSpace\Homework2\Homework2\Debug\timers.r30 )
@ _f8add ( c:\program files\renesas\hew\tools\renesas\nc30wa\v545r01\lib30\nc30lib.lib )
@ _f8ge ( c:\program files\renesas\hew\tools\renesas\nc30wa\v545r01\lib30\nc30lib.lib )
@ _f8mul ( c:\program files\renesas\hew\tools\renesas\nc30wa\v545r01\lib30\nc30lib.lib )
@ _f8sub ( c:\program files\renesas\hew\tools\renesas\nc30wa\v545r01\lib30\nc30lib.lib )
@ _f8toi4u ( c:\program files\renesas\hew\tools\renesas\nc30wa\v545r01\lib30\nc30lib.lib )
@ _ftol ( c:\program files\renesas\hew\tools\renesas\nc30wa\v545r01\lib30\nc30lib.lib )
@ _i4divu ( c:\program files\renesas\hew\tools\renesas\nc30wa\v545r01\lib30\nc30lib.lib )
@ _i4modu ( c:\program files\renesas\hew\tools\renesas\nc30wa\v545r01\lib30\nc30lib.lib )
@ _i4mulu ( c:\program files\renesas\hew\tools\renesas\nc30wa\v545r01\lib30\nc30lib.lib )
@ _i4utof8 ( c:\program files\renesas\hew\tools\renesas\nc30wa\v545r01\lib30\nc30lib.lib )
@ _ltof ( c:\program files\renesas\hew\tools\renesas\nc30wa\v545r01\lib30\nc30lib.lib )
@ mdata ( c:\program files\renesas\hew\tools\renesas\nc30wa\v545r01\lib30\nc30lib.lib )
@ _f8ltor ( c:\program files\renesas\hew\tools\renesas\nc30wa\v545r01\lib30\nc30lib.lib )
@ _f8rtol ( c:\program files\renesas\hew\tools\renesas\nc30wa\v545r01\lib30\nc30lib.lib )

##########################################
# (8) LOCAL EQU BIT-SYMBOL INFORMATION   #
##########################################
@ ncrt0 ( C:\WorkSpace\Homework2\Homework2\Debug\ncrt0.r30 )
@ adc ( C:\WorkSpace\Homework2\Homework2\Debug\adc.r30 )
@ clocks ( C:\WorkSpace\Homework2\Homework2\Debug\clocks.r30 )
@ Interrupts ( C:\WorkSpace\Homework2\Homework2\Debug\Interrupts.r30 )
@ LCD ( C:\WorkSpace\Homework2\Homework2\Debug\LCD.r30 )
@ led ( C:\WorkSpace\Homework2\Homework2\Debug\led.r30 )
@ main ( C:\WorkSpace\Homework2\Homework2\Debug\main.r30 )
@ serial ( C:\WorkSpace\Homework2\Homework2\Debug\serial.r30 )
@ timers ( C:\WorkSpace\Homework2\Homework2\Debug\timers.r30 )
@ _f8add ( c:\program files\renesas\hew\tools\renesas\nc30wa\v545r01\lib30\nc30lib.lib )
@ _f8ge ( c:\program files\renesas\hew\tools\renesas\nc30wa\v545r01\lib30\nc30lib.lib )
@ _f8mul ( c:\program files\renesas\hew\tools\renesas\nc30wa\v545r01\lib30\nc30lib.lib )
@ _f8sub ( c:\program files\renesas\hew\tools\renesas\nc30wa\v545r01\lib30\nc30lib.lib )
@ _f8toi4u ( c:\program files\renesas\hew\tools\renesas\nc30wa\v545r01\lib30\nc30lib.lib )
@ _ftol ( c:\program files\renesas\hew\tools\renesas\nc30wa\v545r01\lib30\nc30lib.lib )
@ _i4divu ( c:\program files\renesas\hew\tools\renesas\nc30wa\v545r01\lib30\nc30lib.lib )
@ _i4modu ( c:\program files\renesas\hew\tools\renesas\nc30wa\v545r01\lib30\nc30lib.lib )
@ _i4mulu ( c:\program files\renesas\hew\tools\renesas\nc30wa\v545r01\lib30\nc30lib.lib )
@ _i4utof8 ( c:\program files\renesas\hew\tools\renesas\nc30wa\v545r01\lib30\nc30lib.lib )
@ _ltof ( c:\program files\renesas\hew\tools\renesas\nc30wa\v545r01\lib30\nc30lib.lib )
@ mdata ( c:\program files\renesas\hew\tools\renesas\nc30wa\v545r01\lib30\nc30lib.lib )
@ _f8ltor ( c:\program files\renesas\hew\tools\renesas\nc30wa\v545r01\lib30\nc30lib.lib )
@ _f8rtol ( c:\program files\renesas\hew\tools\renesas\nc30wa\v545r01\lib30\nc30lib.lib )

*** Mapping List ***

SECTION                            START      END         SIZE   ALIGN

data_SE
                                  00000480  00000480         0   1
bss_SE
                                  00000480  00000480         0   2
data_SO
                                  00000480  00000480         0   1
bss_SO
                                  00000480  00000480         0   1
data_NE
                                  00000480  0000048f        10   2
bss_NE
                                  00000490  0000049f        10   2
data_NO
                                  000004a0  000004a0         1   1
bss_NO
                                  000004a1  000004a1         1   1
stack
                                  000004a2  00000aa1       600   2
heap
                                  00000aa2  00000da1       300   1
rom_NE
                                  0000f000  0000f000         0   1
rom_NO
                                  0000f000  0000f000         0   1
rom_FE
                                  000f4000  000f4000         0   1
rom_FO
                                  000f4000  000f4092        93   1
data_SEI
                                  000f4094  000f4094         0   2
data_SOI
                                  000f4094  000f4094         0   1
data_NEI
                                  000f4094  000f40a3        10   2
data_NOI
                                  000f40a4  000f40a4         1   1
program
                                  000f40a6  000f5b7a      1ad5   2
interrupt
                                  000f5b7c  000f5c22        a7   2
program_S
                                  000f5c24  000f5c24         0   2
vector
                                  000ffd00  000ffdff       100   1
fvector
                                  000fffdc  000fffff        24   1

*** Symbol List ***

SECTION=
FILE=                               START        END    SIZE
  SYMBOL                            ADDR        SIZE    INFO      COUNTS  OPT

SECTION=data_SE
FILE=ncrt0
                                  00000480  00000480         0
  __SB__
                                  00000480         0   none ,g         0
  __pool
                                  00000480         0   none ,g         0

SECTION=data_NE
FILE=mdata
                                  00000480  0000048f        10
  __memt
                                  00000488         0   none ,g         0

SECTION=bss_NE
FILE=C:/WorkSpace/Homework2/Homework2/main
                                  00000490  00000497         8
  _disp_count
                                  00000490         2   data ,g         0
  _A2DValue
                                  00000492         2   data ,g         0
  _A2DValuePot
                                  00000494         2   data ,g         0
  _A2DValueTherm
                                  00000496         2   data ,g         0

FILE=mdata
                                  00000498  0000049f         8
  __mnext
                                  00000498         0   none ,g         0
  __msize
                                  0000049c         0   none ,g         0

SECTION=bss_NO
FILE=ncrt0
                                  000004a1  000004a1         0
  _A2DProcessed
                                  000004a1         1   data ,g         0

SECTION=program
FILE=C:/WorkSpace/Homework2/Homework2/adc
                                  000f40a6  000f40b2         d
  _ADInit
                                  000f40a6         d   func ,g         0

FILE=C:/WorkSpace/Homework2/Homework2/clocks
                                  000f40b4  000f40f7        44
  _system_clock_init
                                  000f40b4        44   func ,g         0

FILE=C:/WorkSpace/Homework2/Homework2/Interrupts
                                  000f40f8  000f419a        a3
  _A2DInterrupt
                                  000f40f8         5   func ,g         0
  _UART0TransmitInterrupt
                                  000f40fe         6   func ,g         0
  _DMA0Interrupt
                                  000f4104         6   func ,g         0
  _UART0ReceiveInterrupt
                                  000f410a        1d   func ,g         0
  _TimerA1Interrupt
                                  000f4126        52   func ,g         0
  _TimerA2Interrupt
                                  000f4178         5   func ,g         0
  _KeyBoardInterrupt
                                  000f417e         6   func ,g         0
  _WakeUpInterrupt
                                  000f4184         6   func ,g         0
  _RTCInterrupt
                                  000f418a         6   func ,g         0
  _TimerB0Interrupt
                                  000f4190         6   func ,g         0

FILE=C:/WorkSpace/Homework2/Homework2/LCD
                                  000f419c  000f499b       800
  _InitDisplay
                                  000f419c        bd   func ,g         0
  _BNSPrintf
                                  000f425a       5b0   func ,g         0
  $BNSPutch
                                  000f480a        58   func ,g         0
  $DisplayString
                                  000f4862        5f   func ,g         0
  $LCD_write
                                  000f48c0        ae   func ,g         0
  _DisplayDelay
                                  000f496e        2e   func ,g         0

FILE=C:/WorkSpace/Homework2/Homework2/led
                                  000f499c  000f49e8        4d
  _LEDDisplay
                                  000f499c        4d   func ,g         0

FILE=C:/WorkSpace/Homework2/Homework2/main
                                  000f49ea  000f4af8       10f
  _main
                                  000f49ea       10f   func ,g         0

FILE=C:/WorkSpace/Homework2/Homework2/serial
                                  000f4afa  000f4b22        29
  _InitUART
                                  000f4afa        29   func ,g         0

FILE=C:/WorkSpace/Homework2/Homework2/timers
                                  000f4b24  000f4b4c        29
  _TimerInit
                                  000f4b24        29   func ,g         0

FILE=_f8add
                                  000f4b4e  000f5468       91b
  __f8add
                                  000f4b4e       6dd   func ,g         0

FILE=_f8ge
                                  000f546a  000f5510        a7
  __f8ge
                                  000f546a        a7   func ,g         0

FILE=_f8mul
                                  000f5512  000f57d8       2c7
  __f8mul
                                  000f5512       2c7   func ,g         0

FILE=_f8sub
                                  000f57da  000f5801        28
  __f8sub
                                  000f57da        28   func ,g         0

FILE=_f8toi4u
                                  000f5802  000f5826        25
  __f8toi4U
                                  000f5802        25   func ,g         0

FILE=_ftol
                                  000f5828  000f5938       111
  $_ftol
                                  000f5828       111   func ,g         0

FILE=_i4divu
                                  000f593a  000f5986        4d
  __i4divU
                                  000f593a        4d   func ,g         0

FILE=_i4modu
                                  000f5988  000f59d2        4b
  __i4modU
                                  000f5988        4b   func ,g         0

FILE=_i4mulu
                                  000f59d4  000f59ef        1c
  __i4mulU
                                  000f59d4        1c   func ,g         0

FILE=_i4utof8
                                  000f59f0  000f5a11        22
  __i4Utof8
                                  000f59f0        22   func ,g         0

FILE=_ltof
                                  000f5a12  000f5ae5        d4
  $_ltof
                                  000f5a12        d4   func ,g         0

FILE=_f8ltor
                                  000f5ae6  000f5b39        54
  $_f8ltor
                                  000f5ae6        54   func ,g         0

FILE=_f8rtol
                                  000f5b3a  000f5b7a        41
  $_f8rtol
                                  000f5b3a        41   func ,g         0

SECTION=interrupt
FILE=ncrt0
                                  000f5b7c  000f5c22        a7
  $exit
                                  000f5c20         0   none ,g         0
  _exit
                                  000f5c20         0   none ,g         0
  dummy_int
                                  000f5c22         0   none ,g         0

